// Jest Snapshot v1, https://goo.gl/fbAQLP

exports[`Render <OfferDetails /> 1`] = `null`;
