// Jest Snapshot v1, https://goo.gl/fbAQLP

exports[`Render <Reviews /> When user is authorized 1`] = `
<section
  className="property__reviews reviews"
>
  <h2
    className="reviews__title"
  >
    Reviews ·
    <span
      className="reviews__amount"
    >
      2
    </span>
  </h2>
  <ul
    className="reviews__list"
  >
    <li
      className="reviews__item"
    >
      <div
        className="reviews__user user"
      >
        <div
          className="reviews__avatar-wrapper user__avatar-wrapper"
        >
          <img
            alt="Monica"
            className="reviews__avatar user__avatar"
            height="54"
            src="https://i.picsum.photos/id/221/200/200.jpg"
            width="54"
          />
        </div>
        <span
          className="reviews__user-name"
        >
          Monica
        </span>
      </div>
      <div
        className="reviews__info"
      >
        <div
          className="reviews__rating rating"
        >
          <div
            className="reviews__stars rating__stars"
          >
            <span
              style={
                Object {
                  "width": "20%",
                }
              }
            />
            <span
              className="visually-hidden"
            >
              Rating
            </span>
          </div>
        </div>
        <p
          className="reviews__text"
        >
          Lorem ipsum dolor sit amet
        </p>
        <time
          className="reviews__time"
          dateTime="2019-12-08"
        >
          December 2019
        </time>
      </div>
    </li>
    <li
      className="reviews__item"
    >
      <div
        className="reviews__user user"
      >
        <div
          className="reviews__avatar-wrapper user__avatar-wrapper"
        >
          <img
            alt="Rachel"
            className="reviews__avatar user__avatar"
            height="54"
            src="https://i.picsum.photos/id/220/200/200.jpg"
            width="54"
          />
        </div>
        <span
          className="reviews__user-name"
        >
          Rachel
        </span>
      </div>
      <div
        className="reviews__info"
      >
        <div
          className="reviews__rating rating"
        >
          <div
            className="reviews__stars rating__stars"
          >
            <span
              style={
                Object {
                  "width": "100%",
                }
              }
            />
            <span
              className="visually-hidden"
            >
              Rating
            </span>
          </div>
        </div>
        <p
          className="reviews__text"
        >
          Lorem ipsum dolor sit amet, consectetur adipiscing elit, sed do eiusmod tempor incididunt ut labore et dolore magna aliqua.
        </p>
        <time
          className="reviews__time"
          dateTime="2011-10-05"
        >
          October 2011
        </time>
      </div>
    </li>
  </ul>
  <form
    action="#"
    className="reviews__form form"
    method="post"
    onSubmit={[Function]}
  >
    <label
      className="reviews__label form__label"
      htmlFor="review"
    >
      Your review
    </label>
    <div
      className="reviews__rating-form form__rating"
    >
      <input
        checked={false}
        className="form__rating-input visually-hidden"
        disabled={false}
        id="5-stars"
        name="rating"
        onChange={[Function]}
        type="radio"
        value={5}
      />
      <label
        className="reviews__rating-label form__rating-label"
        htmlFor="5-stars"
        title="perfect"
      >
        <svg
          className="form__star-image"
          height="33"
          width="37"
        >
          <use
            xlinkHref="#icon-star"
          />
        </svg>
      </label>
      <input
        checked={false}
        className="form__rating-input visually-hidden"
        disabled={false}
        id="4-stars"
        name="rating"
        onChange={[Function]}
        type="radio"
        value={4}
      />
      <label
        className="reviews__rating-label form__rating-label"
        htmlFor="4-stars"
        title="good"
      >
        <svg
          className="form__star-image"
          height="33"
          width="37"
        >
          <use
            xlinkHref="#icon-star"
          />
        </svg>
      </label>
      <input
        checked={false}
        className="form__rating-input visually-hidden"
        disabled={false}
        id="3-stars"
        name="rating"
        onChange={[Function]}
        type="radio"
        value={3}
      />
      <label
        className="reviews__rating-label form__rating-label"
        htmlFor="3-stars"
        title="not bad"
      >
        <svg
          className="form__star-image"
          height="33"
          width="37"
        >
          <use
            xlinkHref="#icon-star"
          />
        </svg>
      </label>
      <input
        checked={false}
        className="form__rating-input visually-hidden"
        disabled={false}
        id="2-stars"
        name="rating"
        onChange={[Function]}
        type="radio"
        value={2}
      />
      <label
        className="reviews__rating-label form__rating-label"
        htmlFor="2-stars"
        title="badly"
      >
        <svg
          className="form__star-image"
          height="33"
          width="37"
        >
          <use
            xlinkHref="#icon-star"
          />
        </svg>
      </label>
      <input
        checked={false}
        className="form__rating-input visually-hidden"
        disabled={false}
        id="1-stars"
        name="rating"
        onChange={[Function]}
        type="radio"
        value={1}
      />
      <label
        className="reviews__rating-label form__rating-label"
        htmlFor="1-stars"
        title="terribly"
      >
        <svg
          className="form__star-image"
          height="33"
          width="37"
        >
          <use
            xlinkHref="#icon-star"
          />
        </svg>
      </label>
    </div>
    <textarea
      className="reviews__textarea form__textarea"
      disabled={false}
      id="review"
      name="review"
      onChange={[Function]}
      placeholder="Tell how was your stay, what you like and what can be improved"
      value=""
    />
    <div
      className="reviews__button-wrapper"
    >
      <p
        className="reviews__help"
      >
        To submit review please make sure to set 
        <span
          className="reviews__star"
        >
          rating
        </span>
         and describe your stay with 
        <b
          className="reviews__text-amount"
        >
          minimum 50 and maximum 300 characters
        </b>
        .
      </p>
      <button
        className="reviews__submit form__submit button"
        disabled={true}
        type="submit"
      >
        Submit
      </button>
    </div>
  </form>
</section>
`;

exports[`Render <Reviews /> When user is not authorized 1`] = `
<section
  className="property__reviews reviews"
>
  <h2
    className="reviews__title"
  >
    Reviews ·
    <span
      className="reviews__amount"
    >
      2
    </span>
  </h2>
  <ul
    className="reviews__list"
  >
    <li
      className="reviews__item"
    >
      <div
        className="reviews__user user"
      >
        <div
          className="reviews__avatar-wrapper user__avatar-wrapper"
        >
          <img
            alt="Monica"
            className="reviews__avatar user__avatar"
            height="54"
            src="https://i.picsum.photos/id/221/200/200.jpg"
            width="54"
          />
        </div>
        <span
          className="reviews__user-name"
        >
          Monica
        </span>
      </div>
      <div
        className="reviews__info"
      >
        <div
          className="reviews__rating rating"
        >
          <div
            className="reviews__stars rating__stars"
          >
            <span
              style={
                Object {
                  "width": "20%",
                }
              }
            />
            <span
              className="visually-hidden"
            >
              Rating
            </span>
          </div>
        </div>
        <p
          className="reviews__text"
        >
          Lorem ipsum dolor sit amet
        </p>
        <time
          className="reviews__time"
          dateTime="2019-12-08"
        >
          December 2019
        </time>
      </div>
    </li>
    <li
      className="reviews__item"
    >
      <div
        className="reviews__user user"
      >
        <div
          className="reviews__avatar-wrapper user__avatar-wrapper"
        >
          <img
            alt="Rachel"
            className="reviews__avatar user__avatar"
            height="54"
            src="https://i.picsum.photos/id/220/200/200.jpg"
            width="54"
          />
        </div>
        <span
          className="reviews__user-name"
        >
          Rachel
        </span>
      </div>
      <div
        className="reviews__info"
      >
        <div
          className="reviews__rating rating"
        >
          <div
            className="reviews__stars rating__stars"
          >
            <span
              style={
                Object {
                  "width": "100%",
                }
              }
            />
            <span
              className="visually-hidden"
            >
              Rating
            </span>
          </div>
        </div>
        <p
          className="reviews__text"
        >
          Lorem ipsum dolor sit amet, consectetur adipiscing elit, sed do eiusmod tempor incididunt ut labore et dolore magna aliqua.
        </p>
        <time
          className="reviews__time"
          dateTime="2011-10-05"
        >
          October 2011
        </time>
      </div>
    </li>
  </ul>
</section>
`;
