// Jest Snapshot v1, https://goo.gl/fbAQLP

exports[`Should offer card render correctly 1`] = `
<article
  className="near-places__card place-card"
>
  <div
    className="near-places__image-wrapper place-card__image-wrapper"
  >
    <a
      href="/offer/100502"
      onClick={[Function]}
    >
      <img
        alt="Excepteur sint occaecat cupidatat non proident"
        className="place-card__image"
        height="200"
        src="https://i.picsum.photos/id/24/260/200.jpg"
        width="260"
      />
    </a>
  </div>
  <div
    className="place-card__info"
  >
    <div
      className="place-card__price-wrapper"
    >
      <div
        className="place-card__price"
      >
        <b
          className="place-card__price-value"
        >
          €
          13
        </b>
        <span
          className="place-card__price-text"
        >
           / night
        </span>
      </div>
      <button
        className="place-card__bookmark-button button place-card__bookmark-button--active"
        onClick={[Function]}
        type="button"
      >
        <svg
          className="place-card__bookmark-icon"
          height="19"
          width="18"
        >
          <use
            xlinkHref="#icon-bookmark"
          />
        </svg>
        <span
          className="visually-hidden"
        >
          To bookmarks
        </span>
      </button>
    </div>
    <div
      className="place-card__rating rating"
    >
      <div
        className="place-card__stars rating__stars"
      >
        <span
          style={
            Object {
              "width": "100%",
            }
          }
        />
        <span
          className="visually-hidden"
        >
          Rating
        </span>
      </div>
    </div>
    <h2
      className="place-card__name"
    >
      <a
        href="/offer/100502"
        onClick={[Function]}
      >
        Excepteur sint occaecat cupidatat non proident
      </a>
    </h2>
    <p
      className="place-card__type"
    >
      house
    </p>
  </div>
</article>
`;
