// Jest Snapshot v1, https://goo.gl/fbAQLP

exports[`Render <SignIn /> 1`] = `null`;
